src/api/http.ts(91,34): error TS2339: Property 'message' does not exist on type '{ error?: string; details?: unknown; errorCode?: string; }'.
src/components/ProjectUploadCard.tsx(162,9): error TS2304: Cannot find name 'uuidv4'.
src/components/TaskExecutionDialog.tsx(79,25): error TS2339: Property 'updated_at' does not exist on type 'Task'.
src/pages/admin/WorkflowsTab.tsx(192,39): error TS2345: Argument of type '{ name: string; description: string; department_id: string; stages: { stage_name: string; id: string; }[]; }' is not assignable to parameter of type 'Partial<Workflow>'.
  Types of property 'stages' are incompatible.
    Type '{ stage_name: string; id: string; }[]' is not assignable to type 'WorkflowStage[]'.
      Type '{ stage_name: string; id: string; }' is missing the following properties from type 'WorkflowStage': workflow_id, name, is_final, is_active, and 2 more.
src/pages/admin/WorkflowsTab.tsx(194,30): error TS2345: Argument of type '{ name: string; description: string; department_id: string; stages: { stage_name: string; id: string; }[]; }' is not assignable to parameter of type 'Partial<Workflow>'.
  Types of property 'stages' are incompatible.
    Type '{ stage_name: string; id: string; }[]' is not assignable to type 'WorkflowStage[]'.
      Type '{ stage_name: string; id: string; }' is missing the following properties from type 'WorkflowStage': workflow_id, name, is_final, is_active, and 2 more.
